File "05.rs", line 9, characters 8-22:
Use of a place which is not fully initialized at this point.
