File "10.rs", line 2, characters 5-93:
This expression has type () but is expected to have type i32.
