File "15.rs", line 2, characters 1-32:
Multiply declared lifetime parameter: 'a
