File "16.rs", line 2, characters 1-37:
Multiply declared lifetime parameter: 'a
