File "18.rs", line 2, characters 1-14:
Unbound type constructor A.
