File "19.rs", line 4, characters 1-14:
Identifier f refers to a function, expected a type.
