File "20.rs", line 5, characters 5-6:
This is not a function.
