File "21.rs", line 8, characters 1-22:
Type constructor S does not have the right number of lifetime parameters.
