File "22.rs", line 4, characters 5-6:
Several fields have name x
