File "23.rs", line 2, characters 1-39:
Unbound lifetime 'b.
