File "25.rs", line 2, characters 18-19:
Several parameters have name x
