File "27.rs", line 5, characters 5-8:
No such field x in struct S
