File "28.rs", line 6, characters 5-10:
This struct constructor does not have the right set of fields.
