File "31.rs", line 26, characters 5-17:
Use of a place which is not fully initialized at this point.
