File "33.rs", line 20, characters 5-13:
Use of a place which is not fully initialized at this point.
