File "45.rs", line 13, characters 19-20:
A borrow conflicts with the use of this place.
