File "46.rs", line 8, characters 13-14:
A borrow conflicts with the use of this place.
