File "49.rs", line 11, characters 19-20:
A borrow conflicts with the use of this place.
