File "53.rs", line 12, characters 9-10:
Assigning a borrowed place.
