File "54.rs", line 12, characters 12-24:
Assigning a borrowed place.
