Fatal error: exception Failure("Missing outlives constraint in function prototype")
