File "", line 0, characters 0-0:
Missing outlives constraint in function prototype: ''b : ''a
