File "72.rs", line 16, characters 5-14:
There is a borrow conflicting this borrow.
