File "73.rs", line 16, characters 5-17:
There is a borrow conflicting this borrow.
