File "74.rs", line 4, characters 5-7:
Moving a value out of a borrow.
