File "75.rs", line 16, characters 19-26:
A borrow conflicts with the use of this place.
