File "76.rs", line 16, characters 15-19:
Assigning a borrowed place.
