File "80.rs", line 17, characters 16-20:
Assigning a borrowed place.
