File "81.rs", line 8, characters 5-8:
Use of a place which is not fully initialized at this point.
