File "85.rs", line 2, characters 5-29:
A local declared here leaves its scope while still being borrowed.
