File "94.rs", line 8, characters 5-17:
Moving a value out of a borrow.
